Archive member included because of file (symbol)

c:/program files (x86)/gnu tools arm embedded/4.9 2015q2/bin/../lib/gcc/arm-none-eabi/4.9.3/../../../../arm-none-eabi/lib/armv6-m\libc_nano.a(lib_a-exit.o)
                              c:/program files (x86)/gnu tools arm embedded/4.9 2015q2/bin/../lib/gcc/arm-none-eabi/4.9.3/../../../../arm-none-eabi/lib/armv6-m/crt0.o (exit)
c:/program files (x86)/gnu tools arm embedded/4.9 2015q2/bin/../lib/gcc/arm-none-eabi/4.9.3/../../../../arm-none-eabi/lib/armv6-m\libc_nano.a(lib_a-impure.o)
                              c:/program files (x86)/gnu tools arm embedded/4.9 2015q2/bin/../lib/gcc/arm-none-eabi/4.9.3/../../../../arm-none-eabi/lib/armv6-m\libc_nano.a(lib_a-exit.o) (_global_impure_ptr)
c:/program files (x86)/gnu tools arm embedded/4.9 2015q2/bin/../lib/gcc/arm-none-eabi/4.9.3/../../../../arm-none-eabi/lib/armv6-m\libc_nano.a(lib_a-init.o)
                              c:/program files (x86)/gnu tools arm embedded/4.9 2015q2/bin/../lib/gcc/arm-none-eabi/4.9.3/../../../../arm-none-eabi/lib/armv6-m/crt0.o (__libc_init_array)
c:/program files (x86)/gnu tools arm embedded/4.9 2015q2/bin/../lib/gcc/arm-none-eabi/4.9.3/../../../../arm-none-eabi/lib/armv6-m\libc_nano.a(lib_a-memset.o)
                              c:/program files (x86)/gnu tools arm embedded/4.9 2015q2/bin/../lib/gcc/arm-none-eabi/4.9.3/../../../../arm-none-eabi/lib/armv6-m/crt0.o (memset)
c:/program files (x86)/gnu tools arm embedded/4.9 2015q2/bin/../lib/gcc/arm-none-eabi/4.9.3/../../../../arm-none-eabi/lib/armv6-m\libnosys.a(_exit.o)
                              c:/program files (x86)/gnu tools arm embedded/4.9 2015q2/bin/../lib/gcc/arm-none-eabi/4.9.3/../../../../arm-none-eabi/lib/armv6-m\libc_nano.a(lib_a-exit.o) (_exit)
c:/program files (x86)/gnu tools arm embedded/4.9 2015q2/bin/../lib/gcc/arm-none-eabi/4.9.3/armv6-m\libgcc.a(_udivsi3.o)
                              _build/pstorage.o (__aeabi_uidiv)
c:/program files (x86)/gnu tools arm embedded/4.9 2015q2/bin/../lib/gcc/arm-none-eabi/4.9.3/armv6-m\libgcc.a(_divsi3.o)
                              _build/pstorage.o (__aeabi_idiv)
c:/program files (x86)/gnu tools arm embedded/4.9 2015q2/bin/../lib/gcc/arm-none-eabi/4.9.3/armv6-m\libgcc.a(_dvmd_tls.o)
                              c:/program files (x86)/gnu tools arm embedded/4.9 2015q2/bin/../lib/gcc/arm-none-eabi/4.9.3/armv6-m\libgcc.a(_udivsi3.o) (__aeabi_idiv0)
c:/program files (x86)/gnu tools arm embedded/4.9 2015q2/bin/../lib/gcc/arm-none-eabi/4.9.3/armv6-m\libgcc.a(_fixunssfsi.o)
                              _build/main.o (__aeabi_f2uiz)
c:/program files (x86)/gnu tools arm embedded/4.9 2015q2/bin/../lib/gcc/arm-none-eabi/4.9.3/armv6-m\libgcc.a(mulsf3.o)
                              _build/main.o (__aeabi_fmul)
c:/program files (x86)/gnu tools arm embedded/4.9 2015q2/bin/../lib/gcc/arm-none-eabi/4.9.3/armv6-m\libgcc.a(subsf3.o)
                              c:/program files (x86)/gnu tools arm embedded/4.9 2015q2/bin/../lib/gcc/arm-none-eabi/4.9.3/armv6-m\libgcc.a(_fixunssfsi.o) (__aeabi_fsub)
c:/program files (x86)/gnu tools arm embedded/4.9 2015q2/bin/../lib/gcc/arm-none-eabi/4.9.3/armv6-m\libgcc.a(fixsfsi.o)
                              c:/program files (x86)/gnu tools arm embedded/4.9 2015q2/bin/../lib/gcc/arm-none-eabi/4.9.3/armv6-m\libgcc.a(_fixunssfsi.o) (__aeabi_f2iz)
c:/program files (x86)/gnu tools arm embedded/4.9 2015q2/bin/../lib/gcc/arm-none-eabi/4.9.3/armv6-m\libgcc.a(floatsisf.o)
                              _build/main.o (__aeabi_i2f)
c:/program files (x86)/gnu tools arm embedded/4.9 2015q2/bin/../lib/gcc/arm-none-eabi/4.9.3/armv6-m\libgcc.a(muldf3.o)
                              _build/main.o (__aeabi_dmul)
c:/program files (x86)/gnu tools arm embedded/4.9 2015q2/bin/../lib/gcc/arm-none-eabi/4.9.3/armv6-m\libgcc.a(subdf3.o)
                              _build/main.o (__aeabi_dsub)
c:/program files (x86)/gnu tools arm embedded/4.9 2015q2/bin/../lib/gcc/arm-none-eabi/4.9.3/armv6-m\libgcc.a(extendsfdf2.o)
                              _build/main.o (__aeabi_f2d)
c:/program files (x86)/gnu tools arm embedded/4.9 2015q2/bin/../lib/gcc/arm-none-eabi/4.9.3/armv6-m\libgcc.a(truncdfsf2.o)
                              _build/main.o (__aeabi_d2f)
c:/program files (x86)/gnu tools arm embedded/4.9 2015q2/bin/../lib/gcc/arm-none-eabi/4.9.3/armv6-m\libgcc.a(_arm_cmpsf2.o)
                              c:/program files (x86)/gnu tools arm embedded/4.9 2015q2/bin/../lib/gcc/arm-none-eabi/4.9.3/armv6-m\libgcc.a(_fixunssfsi.o) (__aeabi_fcmpge)
c:/program files (x86)/gnu tools arm embedded/4.9 2015q2/bin/../lib/gcc/arm-none-eabi/4.9.3/armv6-m\libgcc.a(_clzsi2.o)
                              c:/program files (x86)/gnu tools arm embedded/4.9 2015q2/bin/../lib/gcc/arm-none-eabi/4.9.3/armv6-m\libgcc.a(mulsf3.o) (__clzsi2)
c:/program files (x86)/gnu tools arm embedded/4.9 2015q2/bin/../lib/gcc/arm-none-eabi/4.9.3/armv6-m\libgcc.a(eqsf2.o)
[...]
Memory Configuration

Name             Origin             Length             Attributes
FLASH            0x0001b000         0x00025000         xr
RAM              0x20002080         0x00001f80         xrw
*default*        0x00000000         0xffffffff

Linker script and memory map


.text           0x0001b000     0x86c0
 *(.isr_vector)
 .isr_vector    0x0001b000       0xc0 _build/gcc_startup_nrf51.o
                0x0001b000                __isr_vector
 *(.text*)
 .text          0x0001b0c0       0x60 c:/program files (x86)/gnu tools arm embedded/4.9 2015q2/bin/../lib/gcc/arm-none-eabi/4.9.3/armv6-m/crtbegin.o
 .text          0x0001b120       0x78 c:/program files (x86)/gnu tools arm embedded/4.9 2015q2/bin/../lib/gcc/arm-none-eabi/4.9.3/../../../../arm-none-eabi/lib/armv6-m/crt0.o
                0x0001b120                _start
                0x0001b120                _mainCRTStartup
 .text.exit     0x0001b198       0x2c c:/program files (x86)/gnu tools arm embedded/4.9 2015q2/bin/../lib/gcc/arm-none-eabi/4.9.3/../../../../arm-none-eabi/lib/armv6-m\libc_nano.a(lib_a-exit.o)
                0x0001b198                exit
 .text.__libc_init_array
                0x0001b1c4       0x4c c:/program files (x86)/gnu tools arm embedded/4.9 2015q2/bin/../lib/gcc/arm-none-eabi/4.9.3/../../../../arm-none-eabi/lib/armv6-m\libc_nano.a(lib_a-init.o)
                0x0001b1c4                __libc_init_array
 .text.memset   0x0001b210       0x10 c:/program files (x86)/gnu tools arm embedded/4.9 2015q2/bin/../lib/gcc/arm-none-eabi/4.9.3/../../../../arm-none-eabi/lib/armv6-m\libc_nano.a(lib_a-memset.o)
                0x0001b210                memset
 .text._exit    0x0001b220        0x4 c:/program files (x86)/gnu tools arm embedded/4.9 2015q2/bin/../lib/gcc/arm-none-eabi/4.9.3/../../../../arm-none-eabi/lib/armv6-m\libnosys.a(_exit.o)
                0x0001b220                _exit
 .text.app_fifo_put
                0x0001b224       0x28 _build/app_fifo.o
                0x0001b224                app_fifo_put
 .text.app_fifo_get
                0x0001b24c       0x24 _build/app_fifo.o
                0x0001b24c                app_fifo_get
 .text.fs_queued_op_count_get
                0x0001b270       0x18 _build/fstorage.o
                0x0001b270                fs_queued_op_count_get
 .text.app_sched_init
                0x0001b288       0x4c _build/app_scheduler.o
                0x0001b288                app_sched_init
 .text.app_sched_execute
                0x0001b2d4       0x7c _build/app_scheduler.o
                0x0001b2d4                app_sched_execute
 .text.rtc1_stop
                0x0001b350       0x78 _build/app_timer.o
 .text.RTC1_IRQHandler
                0x0001b3c8       0xdc _build/app_timer.o
                0x0001b3c8                RTC1_IRQHandler
 .text.SWI0_IRQHandler
                0x0001b4a4      0x448 _build/app_timer.o
                0x0001b4a4                SWI0_IRQHandler
 .text.app_timer_start
                0x0001b8ec       0xf8 _build/app_timer.o
                0x0001b8ec                app_timer_start
 .text.app_timer_stop
                0x0001b9e4       0xc8 _build/app_timer.o
                0x0001b9e4                app_timer_stop
 .text.internal_transaction_cb
                0x0001baac        0xc _build/app_twi.o
 .text.start_pending_transaction
                0x0001bab8      0x14c _build/app_twi.o
 .text.twi_event_handler
                0x0001bc04       0xe8 _build/app_twi.o
 .text.app_twi_init
                0x0001bcec       0x40 _build/app_twi.o
                0x0001bcec                app_twi_init
 .text.app_twi_perform
                0x0001bd2c       0xc8 _build/app_twi.o
                0x0001bd2c                app_twi_perform
 .text.app_error_handler_bare
                0x0001bdf4       0x20 _build/app_error.o
                0x0001bdf4                app_error_handler_bare
 .text.app_error_fault_handler
                0x0001be14       0x1c _build/app_error_weak.o
                0x0001be14                app_error_fault_handler
 .text.app_util_critical_region_enter
                0x0001be30       0x40 _build/app_util_platform.o
                0x0001be30                app_util_critical_region_enter
 .text.app_util_critical_region_exit
                0x0001be70       0x2c _build/app_util_platform.o
                0x0001be70                app_util_critical_region_exit
 .text.log_uart_write_string_many
                0x0001be9c       0x3c _build/nrf_log.o
                0x0001be9c                log_uart_write_string_many
 .text.app_uart_put
                0x0001bed8       0x40 _build/app_uart_fifo.o
                0x0001bed8                app_uart_put
 .text.nrf_drv_common_irq_enable
                0x0001bf18       0x80 _build/nrf_drv_common.o
                0x0001bf18                nrf_drv_common_irq_enable
 .text.GPIOTE_IRQHandler
                0x0001bf98      0x2a8 _build/nrf_drv_gpiote.o
                0x0001bf98                GPIOTE_IRQHandler
 .text.twi_transfer
                0x0001c240      0x110 _build/nrf_drv_twi.o
 .text.twi_rx_start_transfer
                0x0001c350      0x170 _build/nrf_drv_twi.o
 .text.nrf_drv_twi_init
                0x0001c4c0      0x1e0 _build/nrf_drv_twi.o
                0x0001c4c0                nrf_drv_twi_init
 .text.nrf_drv_twi_enable
                0x0001c6a0       0x24 _build/nrf_drv_twi.o
                0x0001c6a0                nrf_drv_twi_enable
 .text.nrf_drv_twi_disable
                0x0001c6c4       0x34 _build/nrf_drv_twi.o
                0x0001c6c4                nrf_drv_twi_disable
 .text.nrf_drv_twi_xfer
                0x0001c6f8      0x1ac _build/nrf_drv_twi.o
                0x0001c6f8                nrf_drv_twi_xfer
 .text.SPI0_TWI0_IRQHandler
                0x0001c8a4      0x364 _build/nrf_drv_twi.o
                0x0001c8a4                SPI0_TWI0_IRQHandler
 .text.nrf_drv_uart_tx
                0x0001cc08       0xb4 _build/nrf_drv_uart.o
                0x0001cc08                nrf_drv_uart_tx
 .text.nrf_drv_uart_tx_in_progress
                0x0001ccbc       0x10 _build/nrf_drv_uart.o
                0x0001ccbc                nrf_drv_uart_tx_in_progress
 .text.UART0_IRQHandler
                0x0001cccc      0x1a8 _build/nrf_drv_uart.o
                0x0001cccc                UART0_IRQHandler
 .text.sd_flash_write
                0x0001ce74        0x4 _build/pstorage.o
 .text.sd_flash_page_erase
                0x0001ce78        0x4 _build/pstorage.o
 .text.flash_api_err_code_process
                0x0001ce7c       0x60 _build/pstorage.o
 .text.state_entry_action_run
                0x0001cedc      0x1b4 _build/pstorage.o
 .text.clear_operation_execute
                0x0001d090      0x194 _build/pstorage.o
 .text.unlikely.cmd_queue_enqueue
                0x0001d224       0x8c _build/pstorage.o
 .text.tail_restore_state_run
                0x0001d2b0       0xb4 _build/pstorage.o
 .text.state_write_data_swap_entry_run
                0x0001d364       0xb0 _build/pstorage.o
 .text.state_restore_head_entry_run
                0x0001d414       0xb0 _build/pstorage.o
 .text.data_to_swap_write_state_run
                0x0001d4c4       0xa0 _build/pstorage.o
 .text.state_restore_tail_entry_run
                0x0001d564       0xc0 _build/pstorage.o
 .text.state_erase_data_page_entry_run
                0x0001d624       0x70 _build/pstorage.o
 .text.swap_erase_state_run
                0x0001d694       0xd4 _build/pstorage.o
 .text.state_swap_erase_entry_run
                0x0001d768       0xa4 _build/pstorage.o
 .text.store_cmd_flash_write_execute
                0x0001d80c      0x120 _build/pstorage.o
 .text.head_restore_state_run
                0x0001d92c      0x21c _build/pstorage.o
 .text.data_page_erase_state_run
                0x0001db48      0x26c _build/pstorage.o
 .text.command_end_procedure_run
                0x0001ddb4       0xb8 _build/pstorage.o
 .text.pstorage_sys_event_handler
                0x0001de6c      0x1d8 _build/pstorage.o
                0x0001de6c                pstorage_sys_event_handler
 .text.pstorage_init
                0x0001e044      0x154 _build/pstorage.o
                0x0001e044                pstorage_init
 .text.pstorage_register
                0x0001e198       0xf0 _build/pstorage.o
                0x0001e198                pstorage_register
 .text.pstorage_block_identifier_get
                0x0001e288       0x58 _build/pstorage.o
                0x0001e288                pstorage_block_identifier_get
 .text.pstorage_store
                0x0001e2e0       0x90 _build/pstorage.o
                0x0001e2e0                pstorage_store
 .text.pstorage_update
                0x0001e370       0x90 _build/pstorage.o
                0x0001e370                pstorage_update
 .text.pstorage_load
                0x0001e400       0xb4 _build/pstorage.o
                0x0001e400                pstorage_load
 .text.pstorage_clear
                0x0001e4b4       0x9c _build/pstorage.o
                0x0001e4b4                pstorage_clear
 .text.pstorage_access_status_get
                0x0001e550       0x28 _build/pstorage.o
                0x0001e550                pstorage_access_status_get
 .text.bsp_event_to_button_action_assign
                0x0001e578       0x58 _build/bsp.o
                0x0001e578                bsp_event_to_button_action_assign
 .text.bsp_btn_ble_on_ble_evt
                0x0001e5d0       0xbc _build/bsp_btn_ble.o
                0x0001e5d0                bsp_btn_ble_on_ble_evt
 .text.sd_ble_gap_address_get
                0x0001e68c        0x4 _build/main.o
 .text.sd_ble_gap_disconnect
                0x0001e690        0x4 _build/main.o
 .text.sd_ble_gap_ppcp_set
                0x0001e694        0x4 _build/main.o
 .text.sd_ble_gap_device_name_set
                0x0001e698        0x4 _build/main.o
 .text.sd_power_dcdc_mode_set
                0x0001e69c        0x4 _build/main.o
 .text.sd_app_evt_wait
                0x0001e6a0        0x4 _build/main.o
 .text.device_manager_evt_handler
                0x0001e6a4        0x4 _build/main.o
 .text.on_adv_evt
                0x0001e6a8        0x4 _build/main.o
 .text.sys_evt_dispatch
                0x0001e6ac       0x10 _build/main.o
 .text.ble_evt_dispatch
                0x0001e6bc       0x7c _build/main.o
 .text.startup.main
                0x0001e738      0x390 _build/main.o
                0x0001e738                main
 .text.sd_ble_gap_adv_start
                0x0001eac8        0x4 _build/ble_advertising.o
 .text.ble_advertising_init
                0x0001eacc      0x148 _build/ble_advertising.o
                0x0001eacc                ble_advertising_init
 .text.ble_advertising_start
                0x0001ec14      0x2c4 _build/ble_advertising.o
                0x0001ec14                ble_advertising_start
 .text.ble_advertising_on_ble_evt
                0x0001eed8       0xb4 _build/ble_advertising.o
                0x0001eed8                ble_advertising_on_ble_evt
 .text.ble_advertising_on_sys_evt
                0x0001ef8c       0x3c _build/ble_advertising.o
                0x0001ef8c                ble_advertising_on_sys_evt
 .text.sd_ble_gattc_primary_services_discover
                0x0001efc8        0x4 _build/ble_db_discovery.o
 .text.sd_ble_gattc_characteristics_discover
                0x0001efcc        0x4 _build/ble_db_discovery.o
 .text.sd_ble_gattc_descriptors_discover
                0x0001efd0        0x4 _build/ble_db_discovery.o
 .text.descriptors_discover
                0x0001efd4       0xb8 _build/ble_db_discovery.o
 .text.on_srv_disc_completion
                0x0001f08c      0x15c _build/ble_db_discovery.o
 .text.ble_db_discovery_on_ble_evt
                0x0001f1e8      0x9f4 _build/ble_db_discovery.o
                0x0001f1e8                ble_db_discovery_on_ble_evt
 .text.sd_ble_gap_address_get
                0x0001fbdc        0x4 _build/ble_advdata.o
 .text.sd_ble_gap_adv_data_set
                0x0001fbe0        0x4 _build/ble_advdata.o
 .text.sd_ble_gap_appearance_get
                0x0001fbe4        0x4 _build/ble_advdata.o
 .text.sd_ble_gap_device_name_get
                0x0001fbe8        0x4 _build/ble_advdata.o
 .text.sd_ble_uuid_encode
                0x0001fbec        0x4 _build/ble_advdata.o
 .text.name_encode
                0x0001fbf0       0x8c _build/ble_advdata.o
 .text.uuid_list_sized_encode
                0x0001fc7c       0xe8 _build/ble_advdata.o
 .text.adv_data_encode
                0x0001fd64      0x550 _build/ble_advdata.o
                0x0001fd64                adv_data_encode
 .text.ble_advdata_set
                0x000202b4      0x508 _build/ble_advdata.o
                0x000202b4                ble_advdata_set
 .text.conn_params_negotiation
                0x000207bc       0x88 _build/ble_conn_params.o
 .text.ble_conn_params_on_ble_evt
                0x00020844       0xa4 _build/ble_conn_params.o
                0x00020844                ble_conn_params_on_ble_evt
 .text.sd_ble_gap_sec_params_reply
                0x000208e8        0x4 _build/device_manager_peripheral.o
 .text.sd_ble_gap_sec_info_reply
                0x000208ec        0x4 _build/device_manager_peripheral.o
 .text.sd_ble_gatts_service_changed
                0x000208f0        0x4 _build/device_manager_peripheral.o
 .text.sd_ble_gatts_sys_attr_set
                0x000208f4        0x4 _build/device_manager_peripheral.o
 .text.sd_ble_gatts_sys_attr_get
                0x000208f8        0x4 _build/device_manager_peripheral.o
 .text.storage_operation_dummy_handler
                0x000208fc        0x4 _build/device_manager_peripheral.o
 .text.no_service_context_store
                0x00020900        0x4 _build/device_manager_peripheral.o
 .text.gattc_context_store
                0x00020904        0x4 _build/device_manager_peripheral.o
 .text.no_service_context_load
                0x00020908        0x4 _build/device_manager_peripheral.o
 .text.gattc_context_load
                0x0002090c        0x4 _build/device_manager_peripheral.o
 .text.no_service_context_apply
                0x00020910        0x4 _build/device_manager_peripheral.o
 .text.gattc_context_apply
                0x00020914        0x4 _build/device_manager_peripheral.o
 .text.gatts_context_apply
                0x00020918       0xe8 _build/device_manager_peripheral.o
 .text.gatts_context_store
                0x00020a00       0xd0 _build/device_manager_peripheral.o
 .text.gatts_context_load
                0x00020ad0       0x3c _build/device_manager_peripheral.o
 .text.dm_pstorage_cb_handler
                0x00020b0c      0x13c _build/device_manager_peripheral.o
 .text.gattsc_context_load
                0x00020c48       0x3c _build/device_manager_peripheral.o
 .text.gattsc_context_apply
                0x00020c84       0xe0 _build/device_manager_peripheral.o
 .text.gattsc_context_store
                0x00020d64       0xd0 _build/device_manager_peripheral.o
 .text.dm_init  0x00020e34      0x13c _build/device_manager_peripheral.o
                0x00020e34                dm_init
 .text.dm_register
                0x00020f70       0x7c _build/device_manager_peripheral.o
                0x00020f70                dm_register
 .text.bond_data_load
                0x00020fec       0x50 _build/device_manager_peripheral.o
                0x00020fec                bond_data_load
 .text.dm_ble_evt_handler
                0x0002103c      0x6b0 _build/device_manager_peripheral.o
                0x0002103c                dm_ble_evt_handler
 .text.SystemInit
                0x000216ec       0xec _build/system_nrf51.o
                0x000216ec                SystemInit
 .text.sd_evt_get
                0x000217d8        0x4 _build/softdevice_handler.o
 .text.sd_softdevice_enable
                0x000217dc        0x4 _build/softdevice_handler.o
 .text.sd_ble_enable
                0x000217e0        0x4 _build/softdevice_handler.o
 .text.sd_ble_evt_get
                0x000217e4        0x4 _build/softdevice_handler.o
 .text.softdevice_fault_handler
                0x000217e8        0x8 _build/softdevice_handler.o
                0x000217e8                softdevice_fault_handler
 .text.intern_softdevice_events_execute.part.0
                0x000217f0       0xd8 _build/softdevice_handler.o
 .text.softdevice_handler_init
                0x000218c8       0x7c _build/softdevice_handler.o
                0x000218c8                softdevice_handler_init
 .text.softdevice_ble_evt_handler_set
                0x00021944       0x14 _build/softdevice_handler.o
                0x00021944                softdevice_ble_evt_handler_set
 .text.softdevice_sys_evt_handler_set
                0x00021958       0x14 _build/softdevice_handler.o
                0x00021958                softdevice_sys_evt_handler_set
 .text.SWI2_IRQHandler
                0x0002196c       0x30 _build/softdevice_handler.o
                0x0002196c                SWI2_IRQHandler
 .text.softdevice_enable_get_default_config
                0x0002199c       0x30 _build/softdevice_handler.o
                0x0002199c                softdevice_enable_get_default_config
 .text.sd_check_ram_start
                0x000219cc       0x14 _build/softdevice_handler.o
                0x000219cc                sd_check_ram_start
 .text.softdevice_enable
                0x000219e0       0x1c _build/softdevice_handler.o
                0x000219e0                softdevice_enable
 .text          0x000219fc       0x4c _build/gcc_startup_nrf51.o
                0x000219fc                Reset_Handler
                0x00021a3c                NMI_Handler
                0x00021a3e                HardFault_Handler
                0x00021a40                SVC_Handler
                0x00021a42                PendSV_Handler
                0x00021a44                SysTick_Handler
                0x00021a46                POWER_CLOCK_IRQHandler
                0x00021a46                RTC0_IRQHandler
                0x00021a46                LPCOMP_IRQHandler
                0x00021a46                SWI4_IRQHandler
                0x00021a46                TEMP_IRQHandler
                0x00021a46                QDEC_IRQHandler
                0x00021a46                SWI5_IRQHandler
                0x00021a46                TIMER0_IRQHandler
                0x00021a46                RADIO_IRQHandler
                0x00021a46                TIMER1_IRQHandler
                0x00021a46                ECB_IRQHandler
                0x00021a46                Default_Handler
                0x00021a46                ADC_IRQHandler
                0x00021a46                SWI3_IRQHandler
                0x00021a46                CCM_AAR_IRQHandler
                0x00021a46                WDT_IRQHandler
                0x00021a46                TIMER2_IRQHandler
                0x00021a46                RNG_IRQHandler
                0x00021a46                SPI1_TWI1_IRQHandler
                0x00021a46                SWI1_IRQHandler
 .text          0x00021a48      0x120 c:/program files (x86)/gnu tools arm embedded/4.9 2015q2/bin/../lib/gcc/arm-none-eabi/4.9.3/armv6-m\libgcc.a(_udivsi3.o)
                0x00021a48                __aeabi_uidiv
                0x00021a48                __udivsi3
                0x00021b54                __aeabi_uidivmod
 .text          0x00021b68      0x1e0 c:/program files (x86)/gnu tools arm embedded/4.9 2015q2/bin/../lib/gcc/arm-none-eabi/4.9.3/armv6-m\libgcc.a(_divsi3.o)
                0x00021b68                __divsi3
                0x00021b68                __aeabi_idiv
                0x00021d34                __aeabi_idivmod
 .text          0x00021d48        0x4 c:/program files (x86)/gnu tools arm embedded/4.9 2015q2/bin/../lib/gcc/arm-none-eabi/4.9.3/armv6-m\libgcc.a(_dvmd_tls.o)
                0x00021d48                __aeabi_idiv0
                0x00021d48                __aeabi_ldiv0
 .text          0x00021d4c       0x30 c:/program files (x86)/gnu tools arm embedded/4.9 2015q2/bin/../lib/gcc/arm-none-eabi/4.9.3/armv6-m\libgcc.a(_fixunssfsi.o)
                0x00021d4c                __fixunssfsi
                0x00021d4c                __aeabi_f2uiz
 .text          0x00021d7c      0x264 c:/program files (x86)/gnu tools arm embedded/4.9 2015q2/bin/../lib/gcc/arm-none-eabi/4.9.3/armv6-m\libgcc.a(mulsf3.o)
                0x00021d7c                __aeabi_fmul
 .text          0x00021fe0      0x2fc c:/program files (x86)/gnu tools arm embedded/4.9 2015q2/bin/../lib/gcc/arm-none-eabi/4.9.3/armv6-m\libgcc.a(subsf3.o)
                0x00021fe0                __aeabi_fsub
 .text          0x000222dc       0x40 c:/program files (x86)/gnu tools arm embedded/4.9 2015q2/bin/../lib/gcc/arm-none-eabi/4.9.3/armv6-m\libgcc.a(fixsfsi.o)
                0x000222dc                __aeabi_f2iz
 .text          0x0002231c       0x90 c:/program files (x86)/gnu tools arm embedded/4.9 2015q2/bin/../lib/gcc/arm-none-eabi/4.9.3/armv6-m\libgcc.a(floatsisf.o)
                0x0002231c                __aeabi_i2f
 .text          0x000223ac      0x534 c:/program files (x86)/gnu tools arm embedded/4.9 2015q2/bin/../lib/gcc/arm-none-eabi/4.9.3/armv6-m\libgcc.a(muldf3.o)
                0x000223ac                __aeabi_dmul
 .text          0x000228e0      0x6f4 c:/program files (x86)/gnu tools arm embedded/4.9 2015q2/bin/../lib/gcc/arm-none-eabi/4.9.3/armv6-m\libgcc.a(subdf3.o)
                0x000228e0                __aeabi_dsub
 .text          0x00022fd4       0xa8 c:/program files (x86)/gnu tools arm embedded/4.9 2015q2/bin/../lib/gcc/arm-none-eabi/4.9.3/armv6-m\libgcc.a(extendsfdf2.o)
                0x00022fd4                __aeabi_f2d
 .text          0x0002307c      0x120 c:/program files (x86)/gnu tools arm embedded/4.9 2015q2/bin/../lib/gcc/arm-none-eabi/4.9.3/armv6-m\libgcc.a(truncdfsf2.o)
                0x0002307c                __aeabi_d2f
 .text          0x0002319c       0x74 c:/program files (x86)/gnu tools arm embedded/4.9 2015q2/bin/../lib/gcc/arm-none-eabi/4.9.3/armv6-m\libgcc.a(_arm_cmpsf2.o)
                0x0002319c                __aeabi_cfrcmple
                0x000231a4                __aeabi_cfcmpeq
                0x000231a4                __aeabi_cfcmple
                0x000231b4                __aeabi_fcmpeq
                0x000231c0                __aeabi_fcmplt
                0x000231d4                __aeabi_fcmple
                0x000231e8                __aeabi_fcmpgt
                0x000231fc                __aeabi_fcmpge
 .text          0x00023210       0x3c c:/program files (x86)/gnu tools arm embedded/4.9 2015q2/bin/../lib/gcc/arm-none-eabi/4.9.3/armv6-m\libgcc.a(_clzsi2.o)
                0x00023210                __clzsi2
 .text          0x0002324c       0x54 c:/program files (x86)/gnu tools arm embedded/4.9 2015q2/bin/../lib/gcc/arm-none-eabi/4.9.3/armv6-m\libgcc.a(eqsf2.o)
                0x0002324c                __eqsf2
                0x0002324c                __nesf2
 .text          0x000232a0       0x94 c:/program files (x86)/gnu tools arm embedded/4.9 2015q2/bin/../lib/gcc/arm-none-eabi/4.9.3/armv6-m\libgcc.a(gesf2.o)
                0x000232a0                __gesf2
                0x000232a0                __gtsf2
 .text          0x00023334       0x8c c:/program files (x86)/gnu tools arm embedded/4.9 2015q2/bin/../lib/gcc/arm-none-eabi/4.9.3/armv6-m\libgcc.a(lesf2.o)
                0x00023334                __ltsf2
                0x00023334                __lesf2
 .text.memcmp   0x000233c0       0x1e c:/program files (x86)/gnu tools arm embedded/4.9 2015q2/bin/../lib/gcc/arm-none-eabi/4.9.3/../../../../arm-none-eabi/lib/armv6-m\libc_nano.a(lib_a-memcmp.o)
                0x000233c0                memcmp
 .text.memcpy   0x000233de       0x12 c:/program files (x86)/gnu tools arm embedded/4.9 2015q2/bin/../lib/gcc/arm-none-eabi/4.9.3/../../../../arm-none-eabi/lib/armv6-m\libc_nano.a(lib_a-memcpy.o)
                0x000233de                memcpy
 .text.strlen   0x000233f0        0xe c:/program files (x86)/gnu tools arm embedded/4.9 2015q2/bin/../lib/gcc/arm-none-eabi/4.9.3/../../../../arm-none-eabi/lib/armv6-m\libc_nano.a(lib_a-strlen.o)
                0x000233f0                strlen
 *(.init)
 *fill*         0x000233fe        0x2 
 .init          0x00023400        0x4 c:/program files (x86)/gnu tools arm embedded/4.9 2015q2/bin/../lib/gcc/arm-none-eabi/4.9.3/armv6-m/crti.o
                0x00023400                _init
 .init          0x00023404        0x8 c:/program files (x86)/gnu tools arm embedded/4.9 2015q2/bin/../lib/gcc/arm-none-eabi/4.9.3/armv6-m/crtn.o
 *(.fini)
 .fini          0x0002340c        0x4 c:/program files (x86)/gnu tools arm embedded/4.9 2015q2/bin/../lib/gcc/arm-none-eabi/4.9.3/armv6-m/crti.o
                0x0002340c                _fini
 .fini          0x00023410        0x8 c:/program files (x86)/gnu tools arm embedded/4.9 2015q2/bin/../lib/gcc/arm-none-eabi/4.9.3/armv6-m/crtn.o
 *crtbegin.o(.ctors)
 *crtbegin?.o(.ctors)
 *(EXCLUDE_FILE(*crtend.o *crtend?.o) .ctors)
 *(SORT(.ctors.*))
 *(.ctors)
 *crtbegin.o(.dtors)
 *crtbegin?.o(.dtors)
 *(EXCLUDE_FILE(*crtend.o *crtend?.o) .dtors)
 *(SORT(.dtors.*))
 *(.dtors)
 *(.rodata*)
 .rodata.str1.1
                0x00023418        0x2 c:/program files (x86)/gnu tools arm embedded/4.9 2015q2/bin/../lib/gcc/arm-none-eabi/4.9.3/../../../../arm-none-eabi/lib/armv6-m\libc_nano.a(lib_a-impure.o)
 *fill*         0x0002341a        0x2 
 .rodata._global_impure_ptr
                0x0002341c        0x4 c:/program files (x86)/gnu tools arm embedded/4.9 2015q2/bin/../lib/gcc/arm-none-eabi/4.9.3/../../../../arm-none-eabi/lib/armv6-m\libc_nano.a(lib_a-impure.o)
                0x0002341c                _global_impure_ptr
 .rodata.m_default_config
                0x00023420       0x10 _build/nrf_drv_twi.o
 .rodata.swap_sub_state_sm_lut.6798
                0x00023430       0x14 _build/pstorage.o
 .rodata.swap_sub_state_sm_lut.6723
                0x00023444       0x14 _build/pstorage.o
 .rodata        0x00023458       0x14 _build/main.o
 .rodata.str1.4
                0x0002346c       0x38 _build/main.o
 .rodata.dm_ble_evt_handler
                0x000234a4      0x108 _build/device_manager_peripheral.o
 .rodata.m_service_context_apply
                0x000235ac       0x10 _build/device_manager_peripheral.o
                0x000235ac                m_service_context_apply
 .rodata.m_service_context_store
                0x000235bc       0x10 _build/device_manager_peripheral.o
                0x000235bc                m_service_context_store
 .rodata.m_service_context_load
                0x000235cc       0x10 _build/device_manager_peripheral.o
                0x000235cc                m_service_context_load
 .rodata        0x000235dc       0x40 c:/program files (x86)/gnu tools arm embedded/4.9 2015q2/bin/../lib/gcc/arm-none-eabi/4.9.3/armv6-m\libgcc.a(mulsf3.o)
 .rodata        0x0002361c       0x40 c:/program files (x86)/gnu tools arm embedded/4.9 2015q2/bin/../lib/gcc/arm-none-eabi/4.9.3/armv6-m\libgcc.a(muldf3.o)
 .rodata.__sf_fake_stdin
                0x0002365c       0x20 c:/program files (x86)/gnu tools arm embedded/4.9 2015q2/bin/../lib/gcc/arm-none-eabi/4.9.3/../../../../arm-none-eabi/lib/armv6-m\libc_nano.a(lib_a-findfp.o)
                0x0002365c                __sf_fake_stdin
 .rodata.__sf_fake_stdout
                0x0002367c       0x20 c:/program files (x86)/gnu tools arm embedded/4.9 2015q2/bin/../lib/gcc/arm-none-eabi/4.9.3/../../../../arm-none-eabi/lib/armv6-m\libc_nano.a(lib_a-findfp.o)
                0x0002367c                __sf_fake_stdout
 .rodata.__sf_fake_stderr
                0x0002369c       0x20 c:/program files (x86)/gnu tools arm embedded/4.9 2015q2/bin/../lib/gcc/arm-none-eabi/4.9.3/../../../../arm-none-eabi/lib/armv6-m\libc_nano.a(lib_a-findfp.o)
                0x0002369c                __sf_fake_stderr
 *(.eh_frame*)
 .eh_frame      0x000236bc        0x0 c:/program files (x86)/gnu tools arm embedded/4.9 2015q2/bin/../lib/gcc/arm-none-eabi/4.9.3/armv6-m/crtbegin.o
 .eh_frame      0x000236bc        0x4 c:/program files (x86)/gnu tools arm embedded/4.9 2015q2/bin/../lib/gcc/arm-none-eabi/4.9.3/armv6-m/crtend.o

.glue_7         0x000236c0        0x0
 .glue_7        0x00000000        0x0 linker stubs

.glue_7t        0x000236c0        0x0
 .glue_7t       0x00000000        0x0 linker stubs

.vfp11_veneer   0x000236c0        0x0
 .vfp11_veneer  0x00000000        0x0 linker stubs

.v4_bx          0x000236c0        0x0
 .v4_bx         0x00000000        0x0 linker stubs

.iplt           0x000236c0        0x0
 .iplt          0x00000000        0x0 c:/program files (x86)/gnu tools arm embedded/4.9 2015q2/bin/../lib/gcc/arm-none-eabi/4.9.3/armv6-m/crtbegin.o

.ARM.extab
 *(.ARM.extab* .gnu.linkonce.armextab.*)
                0x000236c0                __exidx_start = .

.ARM.exidx      0x000236c0        0x8
 *(.ARM.exidx* .gnu.linkonce.armexidx.*)
 .ARM.exidx     0x000236c0        0x8 c:/program files (x86)/gnu tools arm embedded/4.9 2015q2/bin/../lib/gcc/arm-none-eabi/4.9.3/../../../../arm-none-eabi/lib/armv6-m/crt0.o
                0x000236c8                __exidx_end = .
                0x000236c8                __etext = .

.rel.dyn        0x000236c8        0x0
 .rel.iplt      0x00000000        0x0 c:/program files (x86)/gnu tools arm embedded/4.9 2015q2/bin/../lib/gcc/arm-none-eabi/4.9.3/armv6-m/crtbegin.o

.data           0x20002080       0x88 load address 0x000236c8
                0x20002080                __data_start__ = .
 *(vtable)
 *(.data*)
 .data.impure_data
                0x20002080       0x60 c:/program files (x86)/gnu tools arm embedded/4.9 2015q2/bin/../lib/gcc/arm-none-eabi/4.9.3/../../../../arm-none-eabi/lib/armv6-m\libc_nano.a(lib_a-impure.o)
 .data.m_app_twi
                0x200020e0       0x18 _build/main.o
 .data.current_slave_link_conn_handle.6610
                0x200020f8        0x2 _build/ble_advertising.o
                0x200020fc                . = ALIGN (0x4)
 *fill*         0x200020fa        0x2 
                0x200020fc                PROVIDE (__preinit_array_start, .)
 *(.preinit_array)
                0x200020fc                PROVIDE (__preinit_array_end, .)
                0x200020fc                . = ALIGN (0x4)
                0x200020fc                PROVIDE (__init_array_start, .)
 *(SORT(.init_array.*))
 *(.init_array)
 .init_array    0x200020fc        0x4 c:/program files (x86)/gnu tools arm embedded/4.9 2015q2/bin/../lib/gcc/arm-none-eabi/4.9.3/armv6-m/crtbegin.o
                0x20002100                PROVIDE (__init_array_end, .)
                0x20002100                . = ALIGN (0x4)
                0x20002100                PROVIDE (__fini_array_start, .)
 *(SORT(.fini_array.*))
 *(.fini_array)
 .fini_array    0x20002100        0x4 c:/program files (x86)/gnu tools arm embedded/4.9 2015q2/bin/../lib/gcc/arm-none-eabi/4.9.3/armv6-m/crtbegin.o
                0x20002104                PROVIDE (__fini_array_end, .)
 *(.jcr*)
 .jcr           0x20002104        0x0 c:/program files (x86)/gnu tools arm embedded/4.9 2015q2/bin/../lib/gcc/arm-none-eabi/4.9.3/armv6-m/crtbegin.o
 .jcr           0x20002104        0x4 c:/program files (x86)/gnu tools arm embedded/4.9 2015q2/bin/../lib/gcc/arm-none-eabi/4.9.3/armv6-m/crtend.o
                0x20002108                . = ALIGN (0x4)
                0x20002108                __data_end__ = .
LOAD c:/program files (x86)/gnu tools arm embedded/4.9 2015q2/bin/../lib/gcc/arm-none-eabi/4.9.3/armv6-m/crti.o
LOAD c:/program files (x86)/gnu tools arm embedded/4.9 2015q2/bin/../lib/gcc/arm-none-eabi/4.9.3/armv6-m/crtbegin.o
LOAD c:/program files (x86)/gnu tools arm embedded/4.9 2015q2/bin/../lib/gcc/arm-none-eabi/4.9.3/../../../../arm-none-eabi/lib/armv6-m/crt0.o
LOAD c:/program files (x86)/gnu tools arm embedded/4.9 2015q2/bin/../lib/gcc/arm-none-eabi/4.9.3/../../../../arm-none-eabi/lib/armv6-m\libc_nano.a
LOAD c:/program files (x86)/gnu tools arm embedded/4.9 2015q2/bin/../lib/gcc/arm-none-eabi/4.9.3/../../../../arm-none-eabi/lib/armv6-m\libnosys.a
LOAD _build/app_button.o
LOAD _build/app_fifo.o
LOAD _build/fstorage.o
LOAD _build/app_scheduler.o
LOAD _build/app_timer.o
LOAD _build/app_timer_appsh.o
LOAD _build/app_trace.o
LOAD _build/app_twi.o
LOAD _build/app_error.o
LOAD _build/app_error_weak.o
LOAD _build/app_util_platform.o
LOAD _build/nrf_assert.o
LOAD _build/nrf_log.o
LOAD _build/retarget.o
LOAD _build/app_uart_fifo.o
LOAD _build/nrf_drv_common.o
LOAD _build/nrf_delay.o
LOAD _build/nrf_drv_gpiote.o
LOAD _build/nrf_drv_twi.o
LOAD _build/nrf_drv_uart.o
LOAD _build/pstorage.o
LOAD _build/bsp.o
LOAD _build/bsp_btn_ble.o
LOAD _build/main.o
LOAD _build/RTT_Syscalls_GCC.o
LOAD _build/SEGGER_RTT.o
LOAD _build/SEGGER_RTT_printf.o
LOAD _build/ble_advertising.o
LOAD _build/ble_db_discovery.o
LOAD _build/ble_advdata.o
LOAD _build/ble_conn_params.o
LOAD _build/ble_srv_common.o
LOAD _build/device_manager_peripheral.o
LOAD _build/system_nrf51.o
LOAD _build/softdevice_handler.o
LOAD _build/gcc_startup_nrf51.o
LOAD c:/program files (x86)/gnu tools arm embedded/4.9 2015q2/bin/../lib/gcc/arm-none-eabi/4.9.3/../../../../arm-none-eabi/lib/armv6-m\libm.a
START GROUP
LOAD c:/program files (x86)/gnu tools arm embedded/4.9 2015q2/bin/../lib/gcc/arm-none-eabi/4.9.3/armv6-m\libgcc.a
LOAD c:/program files (x86)/gnu tools arm embedded/4.9 2015q2/bin/../lib/gcc/arm-none-eabi/4.9.3/../../../../arm-none-eabi/lib/armv6-m\libc_nano.a
END GROUP
START GROUP
LOAD c:/program files (x86)/gnu tools arm embedded/4.9 2015q2/bin/../lib/gcc/arm-none-eabi/4.9.3/armv6-m\libgcc.a
LOAD c:/program files (x86)/gnu tools arm embedded/4.9 2015q2/bin/../lib/gcc/arm-none-eabi/4.9.3/../../../../arm-none-eabi/lib/armv6-m\libc_nano.a
END GROUP
LOAD c:/program files (x86)/gnu tools arm embedded/4.9 2015q2/bin/../lib/gcc/arm-none-eabi/4.9.3/armv6-m/crtend.o
LOAD c:/program files (x86)/gnu tools arm embedded/4.9 2015q2/bin/../lib/gcc/arm-none-eabi/4.9.3/armv6-m/crtn.o
START GROUP
LOAD c:/program files (x86)/gnu tools arm embedded/4.9 2015q2/bin/../lib/gcc/arm-none-eabi/4.9.3/armv6-m\libgcc.a
LOAD c:/program files (x86)/gnu tools arm embedded/4.9 2015q2/bin/../lib/gcc/arm-none-eabi/4.9.3/../../../../arm-none-eabi/lib/armv6-m\libc.a
LOAD c:/program files (x86)/gnu tools arm embedded/4.9 2015q2/bin/../lib/gcc/arm-none-eabi/4.9.3/../../../../arm-none-eabi/lib/armv6-m\libnosys.a
END GROUP

.igot.plt       0x20002108        0x0 load address 0x00023750
 .igot.plt      0x00000000        0x0 c:/program files (x86)/gnu tools arm embedded/4.9 2015q2/bin/../lib/gcc/arm-none-eabi/4.9.3/armv6-m/crtbegin.o

.fs_data        0x20002108        0x0
                0x20002108                PROVIDE (__start_fs_data, .)
 *(.fs_data)
                0x20002108                PROVIDE (__stop_fs_data, .)

.bss            0x20002108      0xa18 load address 0x00023750
                0x20002108                . = ALIGN (0x4)
                0x20002108                __bss_start__ = .
 *(.bss*)
 .bss           0x20002108       0x1c c:/program files (x86)/gnu tools arm embedded/4.9 2015q2/bin/../lib/gcc/arm-none-eabi/4.9.3/armv6-m/crtbegin.o
 .bss.m_queue   0x20002124       0x58 _build/fstorage.o
 .bss.m_queue_event_headers
                0x2000217c        0x4 _build/app_scheduler.o
 .bss.m_queue_event_data
                0x20002180        0x4 _build/app_scheduler.o
 .bss.m_queue_event_size
                0x20002184        0x2 _build/app_scheduler.o
 .bss.m_queue_start_index
                0x20002186        0x1 _build/app_scheduler.o
 .bss.m_queue_end_index
                0x20002187        0x1 _build/app_scheduler.o
 .bss.m_queue_size
                0x20002188        0x2 _build/app_scheduler.o
 *fill*         0x2000218a        0x2 
 .bss.m_ticks_latest
                0x2000218c        0x4 _build/app_timer.o
 .bss.mp_timer_id_head
                0x20002190        0x4 _build/app_timer.o
 .bss.m_evt_schedule_func
                0x20002194        0x4 _build/app_timer.o
 .bss.m_user_array_size
                0x20002198        0x1 _build/app_timer.o
 *fill*         0x20002199        0x3 
 .bss.mp_users  0x2000219c        0x4 _build/app_timer.o
 .bss.m_ticks_elapsed_q_read_ind
                0x200021a0        0x1 _build/app_timer.o
 .bss.m_ticks_elapsed_q_write_ind
                0x200021a1        0x1 _build/app_timer.o
 .bss.m_rtc1_reset
                0x200021a2        0x1 _build/app_timer.o
 *fill*         0x200021a3        0x1 
 .bss.m_ticks_elapsed
                0x200021a4        0x8 _build/app_timer.o
 .bss.m_rtc1_running
                0x200021ac        0x1 _build/app_timer.o
 *fill*         0x200021ad        0x3 
 .bss.tx_buffer
                0x200021b0        0x1 _build/app_uart_fifo.o
 *fill*         0x200021b1        0x3 
 .bss.m_tx_fifo
                0x200021b4       0x10 _build/app_uart_fifo.o
 .bss.m_cb      0x200021c4       0x48 _build/nrf_drv_gpiote.o
 .bss.m_cb      0x2000220c       0x28 _build/nrf_drv_twi.o
 .bss.m_cb      0x20002234       0x1c _build/nrf_drv_uart.o
 .bss.m_cmd_queue
                0x20002250       0xcc _build/pstorage.o
 .bss.m_num_of_bytes_written
                0x2000231c        0x4 _build/pstorage.o
 .bss.m_tail_word_size
                0x20002320        0x4 _build/pstorage.o
 .bss.m_app_table
                0x20002324       0x18 _build/pstorage.o
 .bss.m_next_app_instance
                0x2000233c        0x2 _build/pstorage.o
 *fill*         0x2000233e        0x2 
 .bss.m_flags   0x20002340        0x4 _build/pstorage.o
 .bss.m_swap_sub_state
                0x20002344        0x1 _build/pstorage.o
 .bss.m_state   0x20002345        0x1 _build/pstorage.o
 *fill*         0x20002346        0x2 
 .bss.m_next_page_addr
                0x20002348        0x4 _build/pstorage.o
 .bss.m_app_data_size
                0x2000234c        0x4 _build/pstorage.o
 .bss.m_num_of_command_retries
                0x20002350        0x4 _build/pstorage.o
 .bss.m_head_word_size
                0x20002354        0x4 _build/pstorage.o
 .bss.m_current_page_id
                0x20002358        0x4 _build/pstorage.o
 .bss.m_events_list
                0x2000235c        0xc _build/bsp.o
 .bss.m_error_handler
                0x20002368        0x4 _build/bsp_btn_ble.o
 .bss.m_num_connections
                0x2000236c        0x4 _build/bsp_btn_ble.o
 .bss.previous_temperature.8964
                0x20002370        0x2 _build/main.o
 .bss.m_app_handle
                0x20002372        0x1 _build/main.o
 *fill*         0x20002373        0x1 
 .bss.queue_buffer.8958
                0x20002374       0x18 _build/main.o
 .bss.APP_SCHED_BUF.8940
                0x2000238c       0xb0 _build/main.o
 .bss.m_ble_db_discovery
                0x2000243c      0x1ac _build/main.o
 .bss.BLE_EVT_BUFFER.8918
                0x200025e8       0x48 _build/main.o
 .bss.new_temperature.8963
                0x20002630        0x2 _build/main.o
 *fill*         0x20002632        0x2 
 .bss.m_sec_param
                0x20002634        0x5 _build/main.o
 *fill*         0x20002639        0x3 
 .bss.m_manuf_specific_data
                0x2000263c        0xc _build/ble_advertising.o
 .bss.m_evt_handler
                0x20002648        0x4 _build/ble_advertising.o
 .bss.m_advertising_start_pending
                0x2000264c        0x1 _build/ble_advertising.o
 *fill*         0x2000264d        0x3 
 .bss.m_manuf_data_array
                0x20002650       0x1f _build/ble_advertising.o
 .bss.m_whitelist_temporarily_disabled
                0x2000266f        0x1 _build/ble_advertising.o
 .bss.m_error_handler
                0x20002670        0x4 _build/ble_advertising.o
 .bss.m_peer_address
                0x20002674        0x7 _build/ble_advertising.o
 *fill*         0x2000267b        0x1 
 .bss.m_adv_modes_config
                0x2000267c       0x24 _build/ble_advertising.o
 .bss.mp_whitelist_addr
                0x200026a0       0x20 _build/ble_advertising.o
 .bss.m_tx_power_level
                0x200026c0        0x1 _build/ble_advertising.o
 *fill*         0x200026c1        0x3 
 .bss.m_whitelist
                0x200026c4       0x10 _build/ble_advertising.o
 .bss.m_service_data_array
                0x200026d4       0x1f _build/ble_advertising.o
 .bss.m_whitelist_reply_expected
                0x200026f3        0x1 _build/ble_advertising.o
 .bss.mp_whitelist_irk
                0x200026f4       0x20 _build/ble_advertising.o
 .bss.m_adv_mode_current
                0x20002714        0x1 _build/ble_advertising.o
 .bss.m_peer_addr_reply_expected
                0x20002715        0x1 _build/ble_advertising.o
 *fill*         0x20002716        0x2 
 .bss.m_slave_conn_int
                0x20002718        0x4 _build/ble_advertising.o
 .bss.m_service_data
                0x2000271c        0xc _build/ble_advertising.o
 .bss.m_adv_evt
                0x20002728        0x1 _build/ble_advertising.o
 *fill*         0x20002729        0x3 
 .bss.m_evt_handler
                0x2000272c        0x4 _build/ble_db_discovery.o
 .bss.m_pending_user_evts
                0x20002730      0x1e0 _build/ble_db_discovery.o
 .bss.m_pending_usr_evt_index
                0x20002910        0x4 _build/ble_db_discovery.o
 .bss.m_registered_handlers
                0x20002914       0x18 _build/ble_db_discovery.o
 .bss.m_initialized
                0x2000292c        0x1 _build/ble_db_discovery.o
 *fill*         0x2000292d        0x3 
 .bss.m_num_of_handlers_reg
                0x20002930        0x4 _build/ble_db_discovery.o
 .bss.m_change_param
                0x20002934        0x1 _build/ble_conn_params.o
 *fill*         0x20002935        0x3 
 .bss.m_current_conn_params
                0x20002938        0x8 _build/ble_conn_params.o
 .bss.m_update_count
                0x20002940        0x1 _build/ble_conn_params.o
 *fill*         0x20002941        0x3 
 .bss.m_conn_params_config
                0x20002944       0x1c _build/ble_conn_params.o
 .bss.m_conn_params_timer_id_data
                0x20002960       0x20 _build/ble_conn_params.o
 .bss.m_conn_handle
                0x20002980        0x2 _build/ble_conn_params.o
 *fill*         0x20002982        0x2 
 .bss.m_preferred_conn_params
                0x20002984        0x8 _build/ble_conn_params.o
 .bss.m_irk_index_table
                0x2000298c        0x7 _build/device_manager_peripheral.o
 .bss.m_module_initialized
                0x20002993        0x1 _build/device_manager_peripheral.o
 .bss.m_connection_table
                0x20002994        0xc _build/device_manager_peripheral.o
 .bss.m_peer_table
                0x200029a0       0xc4 _build/device_manager_peripheral.o
 .bss.m_storage_handle
                0x20002a64        0x8 _build/device_manager_peripheral.o
 .bss.m_bond_table
                0x20002a6c       0x1c _build/device_manager_peripheral.o
 .bss.m_gatts_table
                0x20002a88       0x18 _build/device_manager_peripheral.o
 .bss.m_peer_addr_update
                0x20002aa0        0x4 _build/device_manager_peripheral.o
 .bss.m_application_table
                0x20002aa4        0xc _build/device_manager_peripheral.o
 .bss.m_softdevice_enabled
                0x20002ab0        0x1 _build/softdevice_handler.o
 *fill*         0x20002ab1        0x1 
 .bss.m_ble_evt_buffer_size
                0x20002ab2        0x2 _build/softdevice_handler.o
 .bss.mp_ble_evt_buffer
                0x20002ab4        0x4 _build/softdevice_handler.o
 .bss.m_sys_evt_handler
                0x20002ab8        0x4 _build/softdevice_handler.o
 .bss.m_ble_evt_handler
                0x20002abc        0x4 _build/softdevice_handler.o
 .bss.m_evt_schedule_func
                0x20002ac0        0x4 _build/softdevice_handler.o
 *(COMMON)
 COMMON         0x20002ac4       0x1a _build/main.o
                0x20002ac4                manuf_data
                0x20002ad0                i2c_buffer
                0x20002ad8                manufacturing_data
 *fill*         0x20002ade        0x2 
 COMMON         0x20002ae0       0x38 _build/ble_advertising.o
                0x20002ae0                m_advdata
 COMMON         0x20002b18        0x8 _build/softdevice_handler.o
                0x20002b18                nrf_nvic_state
                0x20002b20                . = ALIGN (0x4)
                0x20002b20                __bss_end__ = .

.heap           0x20002b20      0x800
                0x20002b20                __end__ = .
                0x20002b20                PROVIDE (end, .)
 *(.heap*)
 .heap          0x20002b20      0x800 _build/gcc_startup_nrf51.o
                0x20002b20                __HeapBase
                0x20003320                __HeapLimit = .

.stack_dummy    0x20002b20      0x800
 *(.stack*)
 .stack         0x20002b20      0x800 _build/gcc_startup_nrf51.o
                0x20004000                __StackTop = (ORIGIN (RAM) + 0x1f80)
                0x20003800                __StackLimit = (__StackTop - SIZEOF (.stack_dummy))
                0x20004000                PROVIDE (__stack, __StackTop)
                0x00000001                ASSERT ((__StackLimit >= __HeapLimit), region RAM overflowed with stack)
OUTPUT(_build/nrf51422_xxac_s130.out elf32-littlearm)

.ARM.attributes
                0x00000000       0x28
 .ARM.attributes
                0x00000000       0x1e c:/program files (x86)/gnu tools arm embedded/4.9 2015q2/bin/../lib/gcc/arm-none-eabi/4.9.3/armv6-m/crti.o
 .ARM.attributes
                0x0000001e       0x2c c:/program files (x86)/gnu tools arm embedded/4.9 2015q2/bin/../lib/gcc/arm-none-eabi/4.9.3/armv6-m/crtbegin.o
 .ARM.attributes
                0x0000004a       0x1b c:/program files (x86)/gnu tools arm embedded/4.9 2015q2/bin/../lib/gcc/arm-none-eabi/4.9.3/../../../../arm-none-eabi/lib/armv6-m/crt0.o
 .ARM.attributes
                0x00000065       0x2c c:/program files (x86)/gnu tools arm embedded/4.9 2015q2/bin/../lib/gcc/arm-none-eabi/4.9.3/../../../../arm-none-eabi/lib/armv6-m\libc_nano.a(lib_a-exit.o)
 .ARM.attributes
                0x00000091       0x2c c:/program files (x86)/gnu tools arm embedded/4.9 2015q2/bin/../lib/gcc/arm-none-eabi/4.9.3/../../../../arm-none-eabi/lib/armv6-m\libc_nano.a(lib_a-impure.o)
 .ARM.attributes
                0x000000bd       0x2c c:/program files (x86)/gnu tools arm embedded/4.9 2015q2/bin/../lib/gcc/arm-none-eabi/4.9.3/../../../../arm-none-eabi/lib/armv6-m\libc_nano.a(lib_a-init.o)
 .ARM.attributes
                0x000000e9       0x2c c:/program files (x86)/gnu tools arm embedded/4.9 2015q2/bin/../lib/gcc/arm-none-eabi/4.9.3/../../../../arm-none-eabi/lib/armv6-m\libc_nano.a(lib_a-memset.o)
 .ARM.attributes
                0x00000115       0x2c c:/program files (x86)/gnu tools arm embedded/4.9 2015q2/bin/../lib/gcc/arm-none-eabi/4.9.3/../../../../arm-none-eabi/lib/armv6-m\libnosys.a(_exit.o)
 .ARM.attributes
                0x00000141       0x31 _build/app_fifo.o
 .ARM.attributes
                0x00000172       0x31 _build/fstorage.o
 .ARM.attributes
                0x000001a3       0x31 _build/app_scheduler.o
 .ARM.attributes
                0x000001d4       0x31 _build/app_timer.o
 .ARM.attributes
                0x00000205       0x31 _build/app_twi.o
 .ARM.attributes
                0x00000236       0x31 _build/app_error.o
 .ARM.attributes
                0x00000267       0x31 _build/app_error_weak.o
 .ARM.attributes
                0x00000298       0x31 _build/app_util_platform.o
 .ARM.attributes
                0x000002c9       0x31 _build/nrf_log.o
 .ARM.attributes
                0x000002fa       0x31 _build/app_uart_fifo.o
 .ARM.attributes
                0x0000032b       0x31 _build/nrf_drv_common.o
 .ARM.attributes
                0x0000035c       0x31 _build/nrf_drv_gpiote.o
 .ARM.attributes
                0x0000038d       0x31 _build/nrf_drv_twi.o
 .ARM.attributes
                0x000003be       0x31 _build/nrf_drv_uart.o
 .ARM.attributes
                0x000003ef       0x31 _build/pstorage.o
 .ARM.attributes
                0x00000420       0x31 _build/bsp.o
 .ARM.attributes
                0x00000451       0x31 _build/bsp_btn_ble.o
 .ARM.attributes
                0x00000482       0x31 _build/main.o
 .ARM.attributes
                0x000004b3       0x31 _build/ble_advertising.o
 .ARM.attributes
                0x000004e4       0x31 _build/ble_db_discovery.o
 .ARM.attributes
                0x00000515       0x31 _build/ble_advdata.o
 .ARM.attributes
                0x00000546       0x31 _build/ble_conn_params.o
 .ARM.attributes
                0x00000577       0x31 _build/device_manager_peripheral.o
 .ARM.attributes
                0x000005a8       0x31 _build/system_nrf51.o
 .ARM.attributes
                0x000005d9       0x31 _build/softdevice_handler.o
 .ARM.attributes
                0x0000060a       0x1b _build/gcc_startup_nrf51.o
 .ARM.attributes
                0x00000625       0x1e c:/program files (x86)/gnu tools arm embedded/4.9 2015q2/bin/../lib/gcc/arm-none-eabi/4.9.3/armv6-m\libgcc.a(_udivsi3.o)
 .ARM.attributes
                0x00000643       0x1e c:/program files (x86)/gnu tools arm embedded/4.9 2015q2/bin/../lib/gcc/arm-none-eabi/4.9.3/armv6-m\libgcc.a(_divsi3.o)
 .ARM.attributes
                0x00000661       0x1e c:/program files (x86)/gnu tools arm embedded/4.9 2015q2/bin/../lib/gcc/arm-none-eabi/4.9.3/armv6-m\libgcc.a(_dvmd_tls.o)
 .ARM.attributes
                0x0000067f       0x2c c:/program files (x86)/gnu tools arm embedded/4.9 2015q2/bin/../lib/gcc/arm-none-eabi/4.9.3/armv6-m\libgcc.a(_fixunssfsi.o)
 .ARM.attributes
                0x000006ab       0x2c c:/program files (x86)/gnu tools arm embedded/4.9 2015q2/bin/../lib/gcc/arm-none-eabi/4.9.3/armv6-m\libgcc.a(mulsf3.o)
 .ARM.attributes
                0x000006d7       0x2c c:/program files (x86)/gnu tools arm embedded/4.9 2015q2/bin/../lib/gcc/arm-none-eabi/4.9.3/armv6-m\libgcc.a(subsf3.o)
 .ARM.attributes
                0x00000703       0x2c c:/program files (x86)/gnu tools arm embedded/4.9 2015q2/bin/../lib/gcc/arm-none-eabi/4.9.3/armv6-m\libgcc.a(fixsfsi.o)
 .ARM.attributes
                0x0000072f       0x2c c:/program files (x86)/gnu tools arm embedded/4.9 2015q2/bin/../lib/gcc/arm-none-eabi/4.9.3/armv6-m\libgcc.a(floatsisf.o)
 .ARM.attributes
                0x0000075b       0x2c c:/program files (x86)/gnu tools arm embedded/4.9 2015q2/bin/../lib/gcc/arm-none-eabi/4.9.3/armv6-m\libgcc.a(muldf3.o)
 .ARM.attributes
                0x00000787       0x2c c:/program files (x86)/gnu tools arm embedded/4.9 2015q2/bin/../lib/gcc/arm-none-eabi/4.9.3/armv6-m\libgcc.a(subdf3.o)
 .ARM.attributes
                0x000007b3       0x2c c:/program files (x86)/gnu tools arm embedded/4.9 2015q2/bin/../lib/gcc/arm-none-eabi/4.9.3/armv6-m\libgcc.a(extendsfdf2.o)
 .ARM.attributes
                0x000007df       0x2c c:/program files (x86)/gnu tools arm embedded/4.9 2015q2/bin/../lib/gcc/arm-none-eabi/4.9.3/armv6-m\libgcc.a(truncdfsf2.o)
 .ARM.attributes
                0x0000080b       0x1e c:/program files (x86)/gnu tools arm embedded/4.9 2015q2/bin/../lib/gcc/arm-none-eabi/4.9.3/armv6-m\libgcc.a(_arm_cmpsf2.o)
 .ARM.attributes
                0x00000829       0x1e c:/program files (x86)/gnu tools arm embedded/4.9 2015q2/bin/../lib/gcc/arm-none-eabi/4.9.3/armv6-m\libgcc.a(_clzsi2.o)
 .ARM.attributes
                0x00000847       0x2c c:/program files (x86)/gnu tools arm embedded/4.9 2015q2/bin/../lib/gcc/arm-none-eabi/4.9.3/armv6-m\libgcc.a(eqsf2.o)
 .ARM.attributes
                0x00000873       0x2c c:/program files (x86)/gnu tools arm embedded/4.9 2015q2/bin/../lib/gcc/arm-none-eabi/4.9.3/armv6-m\libgcc.a(gesf2.o)
 .ARM.attributes
                0x0000089f       0x2c c:/program files (x86)/gnu tools arm embedded/4.9 2015q2/bin/../lib/gcc/arm-none-eabi/4.9.3/armv6-m\libgcc.a(lesf2.o)
 .ARM.attributes
                0x000008cb       0x2c c:/program files (x86)/gnu tools arm embedded/4.9 2015q2/bin/../lib/gcc/arm-none-eabi/4.9.3/../../../../arm-none-eabi/lib/armv6-m\libc_nano.a(lib_a-memcmp.o)
 .ARM.attributes
                0x000008f7       0x2c c:/program files (x86)/gnu tools arm embedded/4.9 2015q2/bin/../lib/gcc/arm-none-eabi/4.9.3/../../../../arm-none-eabi/lib/armv6-m\libc_nano.a(lib_a-memcpy.o)
 .ARM.attributes
                0x00000923       0x2c c:/program files (x86)/gnu tools arm embedded/4.9 2015q2/bin/../lib/gcc/arm-none-eabi/4.9.3/../../../../arm-none-eabi/lib/armv6-m\libc_nano.a(lib_a-strlen.o)
 .ARM.attributes
                0x0000094f       0x2c c:/program files (x86)/gnu tools arm embedded/4.9 2015q2/bin/../lib/gcc/arm-none-eabi/4.9.3/../../../../arm-none-eabi/lib/armv6-m\libc_nano.a(lib_a-findfp.o)
 .ARM.attributes
                0x0000097b       0x2c c:/program files (x86)/gnu tools arm embedded/4.9 2015q2/bin/../lib/gcc/arm-none-eabi/4.9.3/armv6-m/crtend.o
 .ARM.attributes
                0x000009a7       0x1e c:/program files (x86)/gnu tools arm embedded/4.9 2015q2/bin/../lib/gcc/arm-none-eabi/4.9.3/armv6-m/crtn.o

.comment        0x00000000       0x70
 .comment       0x00000000       0x70 _build/app_fifo.o
                                 0x71 (size before relaxing)
 .comment       0x00000000       0x71 _build/fstorage.o
 .comment       0x00000000       0x71 _build/app_scheduler.o
 .comment       0x00000000       0x71 _build/app_timer.o
 .comment       0x00000000       0x71 _build/app_twi.o
 .comment       0x00000000       0x71 _build/app_error.o
 .comment       0x00000000       0x71 _build/app_error_weak.o
 .comment       0x00000000       0x71 _build/app_util_platform.o
 .comment       0x00000000       0x71 _build/nrf_log.o
 .comment       0x00000000       0x71 _build/app_uart_fifo.o
 .comment       0x00000000       0x71 _build/nrf_drv_common.o
 .comment       0x00000000       0x71 _build/nrf_drv_gpiote.o
 .comment       0x00000000       0x71 _build/nrf_drv_twi.o
 .comment       0x00000000       0x71 _build/nrf_drv_uart.o
 .comment       0x00000000       0x71 _build/pstorage.o
 .comment       0x00000000       0x71 _build/bsp.o
 .comment       0x00000000       0x71 _build/bsp_btn_ble.o
 .comment       0x00000000       0x71 _build/main.o
 .comment       0x00000000       0x71 _build/ble_advertising.o
 .comment       0x00000000       0x71 _build/ble_db_discovery.o
 .comment       0x00000000       0x71 _build/ble_advdata.o
 .comment       0x00000000       0x71 _build/ble_conn_params.o
 .comment       0x00000000       0x71 _build/device_manager_peripheral.o
 .comment       0x00000000       0x71 _build/system_nrf51.o
 .comment       0x00000000       0x71 _build/softdevice_handler.o

.debug_frame    0x00000000     0x20fc
 .debug_frame   0x00000000       0x28 c:/program files (x86)/gnu tools arm embedded/4.9 2015q2/bin/../lib/gcc/arm-none-eabi/4.9.3/../../../../arm-none-eabi/lib/armv6-m\libc_nano.a(lib_a-exit.o)
 .debug_frame   0x00000028       0x2c c:/program files (x86)/gnu tools arm embedded/4.9 2015q2/bin/../lib/gcc/arm-none-eabi/4.9.3/../../../../arm-none-eabi/lib/armv6-m\libc_nano.a(lib_a-init.o)
 .debug_frame   0x00000054       0x20 c:/program files (x86)/gnu tools arm embedded/4.9 2015q2/bin/../lib/gcc/arm-none-eabi/4.9.3/../../../../arm-none-eabi/lib/armv6-m\libc_nano.a(lib_a-memset.o)
 .debug_frame   0x00000074       0x20 c:/program files (x86)/gnu tools arm embedded/4.9 2015q2/bin/../lib/gcc/arm-none-eabi/4.9.3/../../../../arm-none-eabi/lib/armv6-m\libnosys.a(_exit.o)
 .debug_frame   0x00000094       0xbc _build/app_fifo.o
 .debug_frame   0x00000150      0x110 _build/fstorage.o
 .debug_frame   0x00000260       0x80 _build/app_scheduler.o
 .debug_frame   0x000002e0      0x128 _build/app_timer.o
 .debug_frame   0x00000408       0xf4 _build/app_twi.o
 .debug_frame   0x000004fc       0x5c _build/app_error.o
 .debug_frame   0x00000558       0x20 _build/app_error_weak.o
 .debug_frame   0x00000578       0x68 _build/app_util_platform.o
 .debug_frame   0x000005e0      0x12c _build/nrf_log.o
 .debug_frame   0x0000070c       0xb4 _build/app_uart_fifo.o
 .debug_frame   0x000007c0       0x30 _build/nrf_drv_common.o
 .debug_frame   0x000007f0      0x200 _build/nrf_drv_gpiote.o
 .debug_frame   0x000009f0      0x1ac _build/nrf_drv_twi.o
 .debug_frame   0x00000b9c      0x12c _build/nrf_drv_uart.o
 .debug_frame   0x00000cc8      0x38c _build/pstorage.o
 .debug_frame   0x00001054      0x148 _build/bsp.o
 .debug_frame   0x0000119c       0x5c _build/bsp_btn_ble.o
 .debug_frame   0x000011f8      0x108 _build/main.o
 .debug_frame   0x00001300       0xe8 _build/ble_advertising.o
 .debug_frame   0x000013e8      0x11c _build/ble_db_discovery.o
 .debug_frame   0x00001504      0x104 _build/ble_advdata.o
 .debug_frame   0x00001608       0xf4 _build/ble_conn_params.o
 .debug_frame   0x000016fc      0x420 _build/device_manager_peripheral.o
 .debug_frame   0x00001b1c       0x30 _build/system_nrf51.o
 .debug_frame   0x00001b4c      0x180 _build/softdevice_handler.o
 .debug_frame   0x00001ccc       0x20 c:/program files (x86)/gnu tools arm embedded/4.9 2015q2/bin/../lib/gcc/arm-none-eabi/4.9.3/armv6-m\libgcc.a(_udivsi3.o)
 .debug_frame   0x00001cec       0x20 c:/program files (x86)/gnu tools arm embedded/4.9 2015q2/bin/../lib/gcc/arm-none-eabi/4.9.3/armv6-m\libgcc.a(_divsi3.o)
 .debug_frame   0x00001d0c       0x28 c:/program files (x86)/gnu tools arm embedded/4.9 2015q2/bin/../lib/gcc/arm-none-eabi/4.9.3/armv6-m\libgcc.a(_fixunssfsi.o)
 .debug_frame   0x00001d34       0x3c c:/program files (x86)/gnu tools arm embedded/4.9 2015q2/bin/../lib/gcc/arm-none-eabi/4.9.3/armv6-m\libgcc.a(mulsf3.o)
 .debug_frame   0x00001d70       0x30 c:/program files (x86)/gnu tools arm embedded/4.9 2015q2/bin/../lib/gcc/arm-none-eabi/4.9.3/armv6-m\libgcc.a(subsf3.o)
 .debug_frame   0x00001da0       0x20 c:/program files (x86)/gnu tools arm embedded/4.9 2015q2/bin/../lib/gcc/arm-none-eabi/4.9.3/armv6-m\libgcc.a(fixsfsi.o)
 .debug_frame   0x00001dc0       0x2c c:/program files (x86)/gnu tools arm embedded/4.9 2015q2/bin/../lib/gcc/arm-none-eabi/4.9.3/armv6-m\libgcc.a(floatsisf.o)
 .debug_frame   0x00001dec       0x3c c:/program files (x86)/gnu tools arm embedded/4.9 2015q2/bin/../lib/gcc/arm-none-eabi/4.9.3/armv6-m\libgcc.a(muldf3.o)
 .debug_frame   0x00001e28       0x3c c:/program files (x86)/gnu tools arm embedded/4.9 2015q2/bin/../lib/gcc/arm-none-eabi/4.9.3/armv6-m\libgcc.a(subdf3.o)
 .debug_frame   0x00001e64       0x2c c:/program files (x86)/gnu tools arm embedded/4.9 2015q2/bin/../lib/gcc/arm-none-eabi/4.9.3/armv6-m\libgcc.a(extendsfdf2.o)
 .debug_frame   0x00001e90       0x2c c:/program files (x86)/gnu tools arm embedded/4.9 2015q2/bin/../lib/gcc/arm-none-eabi/4.9.3/armv6-m\libgcc.a(truncdfsf2.o)
 .debug_frame   0x00001ebc       0x2c c:/program files (x86)/gnu tools arm embedded/4.9 2015q2/bin/../lib/gcc/arm-none-eabi/4.9.3/armv6-m\libgcc.a(eqsf2.o)
 .debug_frame   0x00001ee8       0x30 c:/program files (x86)/gnu tools arm embedded/4.9 2015q2/bin/../lib/gcc/arm-none-eabi/4.9.3/armv6-m\libgcc.a(gesf2.o)
 .debug_frame   0x00001f18       0x30 c:/program files (x86)/gnu tools arm embedded/4.9 2015q2/bin/../lib/gcc/arm-none-eabi/4.9.3/armv6-m\libgcc.a(lesf2.o)
 .debug_frame   0x00001f48       0x2c c:/program files (x86)/gnu tools arm embedded/4.9 2015q2/bin/../lib/gcc/arm-none-eabi/4.9.3/../../../../arm-none-eabi/lib/armv6-m\libc_nano.a(lib_a-memcmp.o)
 .debug_frame   0x00001f74       0x28 c:/program files (x86)/gnu tools arm embedded/4.9 2015q2/bin/../lib/gcc/arm-none-eabi/4.9.3/../../../../arm-none-eabi/lib/armv6-m\libc_nano.a(lib_a-memcpy.o)
 .debug_frame   0x00001f9c       0x20 c:/program files (x86)/gnu tools arm embedded/4.9 2015q2/bin/../lib/gcc/arm-none-eabi/4.9.3/../../../../arm-none-eabi/lib/armv6-m\libc_nano.a(lib_a-strlen.o)
 .debug_frame   0x00001fbc      0x140 c:/program files (x86)/gnu tools arm embedded/4.9 2015q2/bin/../lib/gcc/arm-none-eabi/4.9.3/../../../../arm-none-eabi/lib/armv6-m\libc_nano.a(lib_a-findfp.o)

.debug_info     0x00000000    0x263eb
 .debug_info    0x00000000      0x5de _build/app_fifo.o
 .debug_info    0x000005de     0x1070 _build/fstorage.o
 .debug_info    0x0000164e      0x58b _build/app_scheduler.o
 .debug_info    0x00001bd9     0x1bf6 _build/app_timer.o
 .debug_info    0x000037cf     0x1013 _build/app_twi.o
 .debug_info    0x000047e2      0x334 _build/app_error.o
 .debug_info    0x00004b16      0x1ec _build/app_error_weak.o
 .debug_info    0x00004d02      0x545 _build/app_util_platform.o
 .debug_info    0x00005247      0x7b2 _build/nrf_log.o
 .debug_info    0x000059f9      0xb39 _build/app_uart_fifo.o
 .debug_info    0x00006532      0x469 _build/nrf_drv_common.o
 .debug_info    0x0000699b     0x1f9a _build/nrf_drv_gpiote.o
 .debug_info    0x00008935     0x3ae3 _build/nrf_drv_twi.o
 .debug_info    0x0000c418     0x24b4 _build/nrf_drv_uart.o
 .debug_info    0x0000e8cc     0x36bb _build/pstorage.o
 .debug_info    0x00011f87      0xfe7 _build/bsp.o
 .debug_info    0x00012f6e     0x1745 _build/bsp_btn_ble.o
 .debug_info    0x000146b3     0x3737 _build/main.o
 .debug_info    0x00017dea     0x2179 _build/ble_advertising.o
 .debug_info    0x00019f63     0x26f4 _build/ble_db_discovery.o
 .debug_info    0x0001c657     0x1cd8 _build/ble_advdata.o
 .debug_info    0x0001e32f     0x1cac _build/ble_conn_params.o
 .debug_info    0x0001ffdb     0x4180 _build/device_manager_peripheral.o
 .debug_info    0x0002415b      0x1d9 _build/system_nrf51.o
 .debug_info    0x00024334     0x20b7 _build/softdevice_handler.o

.debug_abbrev   0x00000000     0x50d0
 .debug_abbrev  0x00000000      0x17b _build/app_fifo.o
 .debug_abbrev  0x0000017b      0x3db _build/fstorage.o
 .debug_abbrev  0x00000556      0x241 _build/app_scheduler.o
 .debug_abbrev  0x00000797      0x403 _build/app_timer.o
 .debug_abbrev  0x00000b9a      0x3d3 _build/app_twi.o
 .debug_abbrev  0x00000f6d      0x130 _build/app_error.o
 .debug_abbrev  0x0000109d      0x108 _build/app_error_weak.o
 .debug_abbrev  0x000011a5      0x213 _build/app_util_platform.o
 .debug_abbrev  0x000013b8      0x2d8 _build/nrf_log.o
 .debug_abbrev  0x00001690      0x242 _build/app_uart_fifo.o
 .debug_abbrev  0x000018d2      0x188 _build/nrf_drv_common.o
 .debug_abbrev  0x00001a5a      0x462 _build/nrf_drv_gpiote.o
 .debug_abbrev  0x00001ebc      0x40c _build/nrf_drv_twi.o
 .debug_abbrev  0x000022c8      0x3f8 _build/nrf_drv_uart.o
 .debug_abbrev  0x000026c0      0x439 _build/pstorage.o
 .debug_abbrev  0x00002af9      0x3e2 _build/bsp.o
 .debug_abbrev  0x00002edb      0x2ee _build/bsp_btn_ble.o
 .debug_abbrev  0x000031c9      0x4a0 _build/main.o
 .debug_abbrev  0x00003669      0x434 _build/ble_advertising.o
 .debug_abbrev  0x00003a9d      0x44f _build/ble_db_discovery.o
 .debug_abbrev  0x00003eec      0x366 _build/ble_advdata.o
 .debug_abbrev  0x00004252      0x438 _build/ble_conn_params.o
 .debug_abbrev  0x0000468a      0x45d _build/device_manager_peripheral.o
 .debug_abbrev  0x00004ae7       0xfc _build/system_nrf51.o
 .debug_abbrev  0x00004be3      0x4ed _build/softdevice_handler.o

.debug_loc      0x00000000    0x15dbb
 .debug_loc     0x00000000      0x592 _build/app_fifo.o
 .debug_loc     0x00000592      0x7f8 _build/fstorage.o
 .debug_loc     0x00000d8a      0x297 _build/app_scheduler.o
 .debug_loc     0x00001021     0x125e _build/app_timer.o
 .debug_loc     0x0000227f      0x842 _build/app_twi.o
 .debug_loc     0x00002ac1      0x149 _build/app_error.o
 .debug_loc     0x00002c0a       0x21 _build/app_error_weak.o
 .debug_loc     0x00002c2b      0x2f3 _build/nrf_log.o
 .debug_loc     0x00002f1e      0x3bd _build/app_uart_fifo.o
 .debug_loc     0x000032db       0xa2 _build/nrf_drv_common.o
 .debug_loc     0x0000337d     0x1882 _build/nrf_drv_gpiote.o
 .debug_loc     0x00004bff     0x44ee _build/nrf_drv_twi.o
 .debug_loc     0x000090ed     0x1170 _build/nrf_drv_uart.o
 .debug_loc     0x0000a25d     0x31fb _build/pstorage.o
 .debug_loc     0x0000d458     0x155f _build/bsp.o
 .debug_loc     0x0000e9b7      0x1f4 _build/bsp_btn_ble.o
 .debug_loc     0x0000ebab      0x5df _build/main.o
 .debug_loc     0x0000f18a      0x5a8 _build/ble_advertising.o
 .debug_loc     0x0000f732     0x1bb3 _build/ble_db_discovery.o
 .debug_loc     0x000112e5     0x1f63 _build/ble_advdata.o
 .debug_loc     0x00013248      0x36b _build/ble_conn_params.o
 .debug_loc     0x000135b3     0x23d0 _build/device_manager_peripheral.o
 .debug_loc     0x00015983      0x438 _build/softdevice_handler.o

.debug_aranges  0x00000000      0xa78
 .debug_aranges
                0x00000000       0x50 _build/app_fifo.o
 .debug_aranges
                0x00000050       0x60 _build/fstorage.o
 .debug_aranges
                0x000000b0       0x30 _build/app_scheduler.o
 .debug_aranges
                0x000000e0       0x68 _build/app_timer.o
 .debug_aranges
                0x00000148       0x50 _build/app_twi.o
 .debug_aranges
                0x00000198       0x30 _build/app_error.o
 .debug_aranges
                0x000001c8       0x20 _build/app_error_weak.o
 .debug_aranges
                0x000001e8       0x38 _build/app_util_platform.o
 .debug_aranges
                0x00000220       0x70 _build/nrf_log.o
 .debug_aranges
                0x00000290       0x48 _build/app_uart_fifo.o
 .debug_aranges
                0x000002d8       0x20 _build/nrf_drv_common.o
 .debug_aranges
                0x000002f8       0xb8 _build/nrf_drv_gpiote.o
 .debug_aranges
                0x000003b0       0x80 _build/nrf_drv_twi.o
 .debug_aranges
                0x00000430       0x70 _build/nrf_drv_uart.o
 .debug_aranges
                0x000004a0       0xf0 _build/pstorage.o
 .debug_aranges
                0x00000590       0x80 _build/bsp.o
 .debug_aranges
                0x00000610       0x30 _build/bsp_btn_ble.o
 .debug_aranges
                0x00000640       0x78 _build/main.o
 .debug_aranges
                0x000006b8       0x60 _build/ble_advertising.o
 .debug_aranges
                0x00000718       0x68 _build/ble_db_discovery.o
 .debug_aranges
                0x00000780       0x60 _build/ble_advdata.o
 .debug_aranges
                0x000007e0       0x68 _build/ble_conn_params.o
 .debug_aranges
                0x00000848      0x168 _build/device_manager_peripheral.o
 .debug_aranges
                0x000009b0       0x28 _build/system_nrf51.o
 .debug_aranges
                0x000009d8       0xa0 _build/softdevice_handler.o

.debug_ranges   0x00000000     0x4430
 .debug_ranges  0x00000000       0xe8 _build/app_fifo.o
 .debug_ranges  0x000000e8      0x1b8 _build/fstorage.o
 .debug_ranges  0x000002a0      0x100 _build/app_scheduler.o
 .debug_ranges  0x000003a0      0x640 _build/app_timer.o
 .debug_ranges  0x000009e0      0x260 _build/app_twi.o
 .debug_ranges  0x00000c40       0x20 _build/app_error.o
 .debug_ranges  0x00000c60       0x10 _build/app_error_weak.o
 .debug_ranges  0x00000c70       0x40 _build/app_util_platform.o
 .debug_ranges  0x00000cb0       0x78 _build/nrf_log.o
 .debug_ranges  0x00000d28       0x88 _build/app_uart_fifo.o
 .debug_ranges  0x00000db0       0x28 _build/nrf_drv_common.o
 .debug_ranges  0x00000dd8      0x908 _build/nrf_drv_gpiote.o
 .debug_ranges  0x000016e0      0x888 _build/nrf_drv_twi.o
 .debug_ranges  0x00001f68      0x4b0 _build/nrf_drv_uart.o
 .debug_ranges  0x00002418      0xba0 _build/pstorage.o
 .debug_ranges  0x00002fb8      0x110 _build/bsp.o
 .debug_ranges  0x000030c8       0x70 _build/bsp_btn_ble.o
 .debug_ranges  0x00003138      0x370 _build/main.o
 .debug_ranges  0x000034a8       0xd8 _build/ble_advertising.o
 .debug_ranges  0x00003580      0x470 _build/ble_db_discovery.o
 .debug_ranges  0x000039f0      0x250 _build/ble_advdata.o
 .debug_ranges  0x00003c40       0xb8 _build/ble_conn_params.o
 .debug_ranges  0x00003cf8      0x578 _build/device_manager_peripheral.o
 .debug_ranges  0x00004270       0x78 _build/system_nrf51.o
 .debug_ranges  0x000042e8      0x148 _build/softdevice_handler.o

.debug_macro    0x00000000     0x6f3d
 .debug_macro   0x00000000      0x1fc _build/app_fifo.o
 .debug_macro   0x000001fc       0x16 _build/app_fifo.o
 .debug_macro   0x00000212      0x10e _build/app_fifo.o
 .debug_macro   0x00000320       0x7f _build/app_fifo.o
 .debug_macro   0x0000039f       0x16 _build/app_fifo.o
 .debug_macro   0x000003b5       0x29 _build/app_fifo.o
 .debug_macro   0x000003de       0x28 _build/app_fifo.o
 .debug_macro   0x00000406      0x1d4 _build/fstorage.o
 .debug_macro   0x000005da       0x52 _build/fstorage.o
 .debug_macro   0x0000062c       0x1c _build/fstorage.o
 .debug_macro   0x00000648       0x47 _build/fstorage.o
 .debug_macro   0x0000068f      0x166 _build/fstorage.o
 .debug_macro   0x000007f5       0x10 _build/fstorage.o
 .debug_macro   0x00000805       0x16 _build/fstorage.o
 .debug_macro   0x0000081b       0x40 _build/fstorage.o
 .debug_macro   0x0000085b       0x64 _build/fstorage.o
 .debug_macro   0x000008bf      0x2cd _build/app_scheduler.o
 .debug_macro   0x00000b8c       0x16 _build/app_scheduler.o
 .debug_macro   0x00000ba2       0x22 _build/app_scheduler.o
 .debug_macro   0x00000bc4       0x5b _build/app_scheduler.o
 .debug_macro   0x00000c1f      0x336 _build/app_timer.o
 .debug_macro   0x00000f55       0x41 _build/app_timer.o
 .debug_macro   0x00000f96       0x16 _build/app_timer.o
 .debug_macro   0x00000fac      0x2ea _build/app_twi.o
 .debug_macro   0x00001296       0x56 _build/app_twi.o
 .debug_macro   0x000012ec       0x42 _build/app_twi.o
 .debug_macro   0x0000132e      0x212 _build/app_error.o
 .debug_macro   0x00001540       0x34 _build/app_error.o
 .debug_macro   0x00001574      0x20c _build/app_error_weak.o
 .debug_macro   0x00001780      0x259 _build/app_util_platform.o
 .debug_macro   0x000019d9       0x6d _build/app_util_platform.o
 .debug_macro   0x00001a46      0x2d6 _build/nrf_log.o
 .debug_macro   0x00001d1c       0x58 _build/nrf_log.o
 .debug_macro   0x00001d74       0x1c _build/nrf_log.o
 .debug_macro   0x00001d90       0x76 _build/nrf_log.o
 .debug_macro   0x00001e06       0x17 _build/nrf_log.o
 .debug_macro   0x00001e1d      0x263 _build/nrf_log.o
 .debug_macro   0x00002080       0x22 _build/nrf_log.o
 .debug_macro   0x000020a2       0x5e _build/nrf_log.o
 .debug_macro   0x00002100      0x31f _build/app_uart_fifo.o
 .debug_macro   0x0000241f      0x28f _build/nrf_drv_common.o
 .debug_macro   0x000026ae      0x2df _build/nrf_drv_gpiote.o
 .debug_macro   0x0000298d       0x10 _build/nrf_drv_gpiote.o
 .debug_macro   0x0000299d      0x2fa _build/nrf_drv_twi.o
 .debug_macro   0x00002c97      0x2d9 _build/nrf_drv_uart.o
 .debug_macro   0x00002f70      0x314 _build/pstorage.o
 .debug_macro   0x00003284       0x40 _build/pstorage.o
 .debug_macro   0x000032c4       0x1c _build/pstorage.o
 .debug_macro   0x000032e0      0x2c3 _build/bsp.o
 .debug_macro   0x000035a3      0x31e _build/bsp_btn_ble.o
 .debug_macro   0x000038c1       0xd6 _build/bsp_btn_ble.o
 .debug_macro   0x00003997      0x1fb _build/bsp_btn_ble.o
 .debug_macro   0x00003b92      0x3f4 _build/bsp_btn_ble.o
 .debug_macro   0x00003f86       0x3a _build/bsp_btn_ble.o
 .debug_macro   0x00003fc0       0x22 _build/bsp_btn_ble.o
 .debug_macro   0x00003fe2      0x201 _build/bsp_btn_ble.o
 .debug_macro   0x000041e3       0x1c _build/bsp_btn_ble.o
 .debug_macro   0x000041ff       0xdb _build/bsp_btn_ble.o
 .debug_macro   0x000042da       0x24 _build/bsp_btn_ble.o
 .debug_macro   0x000042fe      0x5c2 _build/main.o
 .debug_macro   0x000048c0      0x1fb _build/main.o
 .debug_macro   0x00004abb       0x16 _build/main.o
 .debug_macro   0x00004ad1      0x3fa _build/main.o
 .debug_macro   0x00004ecb      0x2ca _build/main.o
 .debug_macro   0x00005195       0x10 _build/main.o
 .debug_macro   0x000051a5       0xa6 _build/main.o
 .debug_macro   0x0000524b       0xbe _build/main.o
 .debug_macro   0x00005309       0x46 _build/main.o
 .debug_macro   0x0000534f       0x28 _build/main.o
 .debug_macro   0x00005377       0x98 _build/main.o
 .debug_macro   0x0000540f       0x46 _build/main.o
 .debug_macro   0x00005455       0x46 _build/main.o
 .debug_macro   0x0000549b       0x22 _build/main.o
 .debug_macro   0x000054bd       0x1c _build/main.o
 .debug_macro   0x000054d9       0x8e _build/main.o
 .debug_macro   0x00005567       0x16 _build/main.o
 .debug_macro   0x0000557d       0x10 _build/main.o
 .debug_macro   0x0000558d      0x401 _build/main.o
 .debug_macro   0x0000598e       0x22 _build/main.o
 .debug_macro   0x000059b0      0x2b8 _build/ble_advertising.o
 .debug_macro   0x00005c68       0xb8 _build/ble_advertising.o
 .debug_macro   0x00005d20       0x40 _build/ble_advertising.o
 .debug_macro   0x00005d60      0x2d3 _build/ble_db_discovery.o
 .debug_macro   0x00006033      0x26a _build/ble_advdata.o
 .debug_macro   0x0000629d      0x2f1 _build/ble_conn_params.o
 .debug_macro   0x0000658e      0x4a5 _build/device_manager_peripheral.o
 .debug_macro   0x00006a33       0x16 _build/device_manager_peripheral.o
 .debug_macro   0x00006a49       0xd0 _build/system_nrf51.o
 .debug_macro   0x00006b19      0x3c4 _build/softdevice_handler.o
 .debug_macro   0x00006edd       0x10 _build/softdevice_handler.o
 .debug_macro   0x00006eed       0x40 _build/softdevice_handler.o
 .debug_macro   0x00006f2d       0x10 _build/softdevice_handler.o

.debug_line     0x00000000    0x10796
 .debug_line    0x00000000      0x6ec _build/app_fifo.o
 .debug_line    0x000006ec      0x880 _build/fstorage.o
 .debug_line    0x00000f6c      0x761 _build/app_scheduler.o
 .debug_line    0x000016cd      0xc5c _build/app_timer.o
 .debug_line    0x00002329      0xa05 _build/app_twi.o
 .debug_line    0x00002d2e      0x5b8 _build/app_error.o
 .debug_line    0x000032e6      0x57b _build/app_error_weak.o
 .debug_line    0x00003861      0x65a _build/app_util_platform.o
 .debug_line    0x00003ebb      0x89e _build/nrf_log.o
 .debug_line    0x00004759      0x9a0 _build/app_uart_fifo.o
 .debug_line    0x000050f9      0x76c _build/nrf_drv_common.o
 .debug_line    0x00005865      0xffa _build/nrf_drv_gpiote.o
 .debug_line    0x0000685f     0x11ee _build/nrf_drv_twi.o
 .debug_line    0x00007a4d      0xd66 _build/nrf_drv_uart.o
 .debug_line    0x000087b3     0x12dc _build/pstorage.o
 .debug_line    0x00009a8f      0xb01 _build/bsp.o
 .debug_line    0x0000a590      0x7c2 _build/bsp_btn_ble.o
 .debug_line    0x0000ad52     0x1162 _build/main.o
 .debug_line    0x0000beb4      0xaf0 _build/ble_advertising.o
 .debug_line    0x0000c9a4      0xaa0 _build/ble_db_discovery.o
 .debug_line    0x0000d444      0xaa5 _build/ble_advdata.o
 .debug_line    0x0000dee9      0x85e _build/ble_conn_params.o
 .debug_line    0x0000e747     0x11e8 _build/device_manager_peripheral.o
 .debug_line    0x0000f92f      0x3dc _build/system_nrf51.o
 .debug_line    0x0000fd0b      0xa8b _build/softdevice_handler.o

.debug_str      0x00000000    0x4d059
 .debug_str     0x00000000    0x326bf _build/app_fifo.o
                              0x32906 (size before relaxing)
 .debug_str     0x000326bf     0x17c1 _build/fstorage.o
                              0x32f23 (size before relaxing)
 .debug_str     0x00033e80     0x1d23 _build/app_scheduler.o
                              0x34871 (size before relaxing)
 .debug_str     0x00035ba3     0x1095 _build/app_timer.o
                              0x35891 (size before relaxing)
 .debug_str     0x00036c38     0x15e6 _build/app_twi.o
                              0x35d42 (size before relaxing)
 .debug_str     0x0003821e      0x12e _build/app_error.o
                              0x33a34 (size before relaxing)
 .debug_str     0x0003834c       0x82 _build/app_error_weak.o
                              0x33972 (size before relaxing)
 .debug_str     0x000383ce      0x14a _build/app_util_platform.o
                              0x34643 (size before relaxing)
 .debug_str     0x00038518     0x1681 _build/nrf_log.o
                              0x35a55 (size before relaxing)
 .debug_str     0x00039b99      0x5f4 _build/app_uart_fifo.o
                              0x35981 (size before relaxing)
 .debug_str     0x0003a18d       0xbb _build/nrf_drv_common.o
                              0x34c28 (size before relaxing)
 .debug_str     0x0003a248     0x12b9 _build/nrf_drv_gpiote.o
                              0x35f58 (size before relaxing)
 .debug_str     0x0003b501      0x92e _build/nrf_drv_twi.o
                              0x36087 (size before relaxing)
 .debug_str     0x0003be2f      0x6f5 _build/nrf_drv_uart.o
                              0x35cfc (size before relaxing)
 .debug_str     0x0003c524     0x11cd _build/pstorage.o
                              0x359ba (size before relaxing)
 .debug_str     0x0003d6f1      0xa23 _build/bsp.o
                              0x35839 (size before relaxing)
 .debug_str     0x0003e114     0x4d00 _build/bsp_btn_ble.o
                              0x39aae (size before relaxing)
 .debug_str     0x00042e14     0x7135 _build/main.o
                              0x43366 (size before relaxing)
 .debug_str     0x00049f49      0x3e5 _build/ble_advertising.o
                              0x39b7a (size before relaxing)
 .debug_str     0x0004a32e      0x71e _build/ble_db_discovery.o
                              0x39542 (size before relaxing)
 .debug_str     0x0004aa4c      0x468 _build/ble_advdata.o
                              0x3863e (size before relaxing)
 .debug_str     0x0004aeb4      0x38b _build/ble_conn_params.o
                              0x3a5f2 (size before relaxing)
 .debug_str     0x0004b23f     0x17c4 _build/device_manager_peripheral.o
                              0x3b11f (size before relaxing)
 .debug_str     0x0004ca03      0x158 _build/system_nrf51.o
                              0x2ef66 (size before relaxing)
 .debug_str     0x0004cb5b      0x4fe _build/softdevice_handler.o
                              0x3d9b7 (size before relaxing)

.stabstr        0x00000000       0xe3
 .stabstr       0x00000000       0xe3 c:/program files (x86)/gnu tools arm embedded/4.9 2015q2/bin/../lib/gcc/arm-none-eabi/4.9.3/../../../../arm-none-eabi/lib/armv6-m\libnosys.a(close.o)
